INFO: STARTING!
INFO: Log parameter values verbosely: [0]
INFO: Min num runs: [50]
INFO: Min runs duration (seconds): [1]
INFO: Max runs duration (seconds): [10000]
INFO: Num threads: [2]
INFO: Min warmup runs: [5]
INFO: Graph: [/mnt/models/deeplabv3plus_mobilenet_w8a8.tflite]
INFO: Signature to run: []
INFO: #threads used for CPU inference: [2]
INFO: #threads used for CPU inference: [2]
INFO: Use xnnpack: [1]
INFO: Loaded model /mnt/models/deeplabv3plus_mobilenet_w8a8.tflite
INFO: Created TensorFlow Lite XNNPACK delegate for CPU.
INFO: XNNPACK delegate created.
INFO: Explicitly applied XNNPACK delegate, and the model graph will be partially executed by the delegate w/ 35 delegate kernels.
INFO: The input model file size (MB): 6.33824
INFO: Initialized session in 57.703ms.
INFO: Running benchmark for at least 5 iterations and at least 0.5 seconds but terminate if exceeding 10000 seconds.
INFO: count=5 first=1512998 curr=1466849 min=1457820 max=1512998 avg=1.47237e+06 std=20581 p5=1457820 median=1464691 p95=1512998

INFO: Running benchmark for at least 50 iterations and at least 1 seconds but terminate if exceeding 10000 seconds.
INFO: count=50 first=1466623 curr=1464372 min=1453115 max=1468054 avg=1.46022e+06 std=3676 p5=1455227 median=1459729 p95=1467683

INFO: Inference timings in us: Init: 57703, First inference: 1512998, Warmup (avg): 1.47237e+06, Inference (avg): 1.46022e+06
INFO: Note: as the benchmark tool itself affects memory footprint, the following is only APPROXIMATE to the actual memory footprint of the model at runtime. Take the information at your discretion.
INFO: Memory footprint delta from the start of the tool (MB): init=15.2305 overall=65.6016
