INFO: STARTING!
INFO: Log parameter values verbosely: [0]
INFO: Min num runs: [50]
INFO: Min runs duration (seconds): [1]
INFO: Max runs duration (seconds): [10000]
INFO: Num threads: [2]
INFO: Min warmup runs: [5]
INFO: Graph: [/mnt/models/mobilenetv2_w8a8.tflite]
INFO: Signature to run: []
INFO: #threads used for CPU inference: [2]
INFO: #threads used for CPU inference: [2]
INFO: Use xnnpack: [1]
INFO: Loaded model /mnt/models/mobilenetv2_w8a8.tflite
INFO: Created TensorFlow Lite XNNPACK delegate for CPU.
INFO: XNNPACK delegate created.
INFO: Explicitly applied XNNPACK delegate, and the model graph will be partially executed by the delegate w/ 36 delegate kernels.
INFO: The input model file size (MB): 4.02114
INFO: Initialized session in 38.494ms.
INFO: Running benchmark for at least 5 iterations and at least 0.5 seconds but terminate if exceeding 10000 seconds.
INFO: count=15 first=42538 curr=32911 min=32799 max=42538 avg=33542.7 std=2404 p5=32799 median=32908 p95=42538

INFO: Running benchmark for at least 50 iterations and at least 1 seconds but terminate if exceeding 10000 seconds.
INFO: count=50 first=32909 curr=32743 min=32716 max=33320 avg=32880 std=104 p5=32728 median=32866 p95=33017

INFO: Inference timings in us: Init: 38494, First inference: 42538, Warmup (avg): 33542.7, Inference (avg): 32880
INFO: Note: as the benchmark tool itself affects memory footprint, the following is only APPROXIMATE to the actual memory footprint of the model at runtime. Take the information at your discretion.
INFO: Memory footprint delta from the start of the tool (MB): init=10.4844 overall=16.0352
