INFO: STARTING!
INFO: Log parameter values verbosely: [0]
INFO: Min num runs: [50]
INFO: Min runs duration (seconds): [1]
INFO: Max runs duration (seconds): [10000]
INFO: Num threads: [2]
INFO: Min warmup runs: [5]
INFO: Graph: [/mnt/models/resnet101_w8a8.tflite]
INFO: Signature to run: []
INFO: #threads used for CPU inference: [2]
INFO: #threads used for CPU inference: [2]
INFO: Use xnnpack: [1]
INFO: Loaded model /mnt/models/resnet101_w8a8.tflite
INFO: Created TensorFlow Lite XNNPACK delegate for CPU.
INFO: XNNPACK delegate created.
INFO: Explicitly applied XNNPACK delegate, and the model graph will be partially executed by the delegate w/ 1 delegate kernels.
INFO: The input model file size (MB): 46.0317
INFO: Initialized session in 357.4ms.
INFO: Running benchmark for at least 5 iterations and at least 0.5 seconds but terminate if exceeding 10000 seconds.
INFO: count=5 first=334480 curr=313752 min=312754 max=334480 avg=317647 std=8431 p5=312754 median=313752 p95=334480

INFO: Running benchmark for at least 50 iterations and at least 1 seconds but terminate if exceeding 10000 seconds.
INFO: count=50 first=314693 curr=313608 min=312267 max=318375 avg=314155 std=996 p5=312714 median=314251 p95=315580

INFO: Inference timings in us: Init: 357400, First inference: 334480, Warmup (avg): 317647, Inference (avg): 314155
INFO: Note: as the benchmark tool itself affects memory footprint, the following is only APPROXIMATE to the actual memory footprint of the model at runtime. Take the information at your discretion.
INFO: Memory footprint delta from the start of the tool (MB): init=91.6133 overall=116.07
