INFO: STARTING!
INFO: Log parameter values verbosely: [0]
INFO: Min num runs: [50]
INFO: Min runs duration (seconds): [1]
INFO: Max runs duration (seconds): [10000]
INFO: Num threads: [2]
INFO: Min warmup runs: [5]
INFO: Graph: [/mnt/models/vit_base_fp32.tflite]
INFO: Signature to run: []
INFO: #threads used for CPU inference: [2]
INFO: #threads used for CPU inference: [2]
INFO: Use xnnpack: [1]
INFO: Loaded model /mnt/models/vit_base_fp32.tflite
INFO: Created TensorFlow Lite XNNPACK delegate for CPU.
INFO: XNNPACK delegate created.
INFO: Explicitly applied XNNPACK delegate, and the model graph will be partially executed by the delegate w/ 14 delegate kernels.
INFO: The input model file size (MB): 346.528
INFO: Initialized session in 808.125ms.
INFO: Running benchmark for at least 5 iterations and at least 0.5 seconds but terminate if exceeding 10000 seconds.
INFO: count=5 first=3312396 curr=3335804 min=3312396 max=3356603 avg=3.33469e+06 std=16723 p5=3312396 median=3335804 p95=3356603

INFO: Running benchmark for at least 50 iterations and at least 1 seconds but terminate if exceeding 10000 seconds.
INFO: count=50 first=3331686 curr=3316980 min=3316980 max=3371995 avg=3.34761e+06 std=12169 p5=3327790 median=3350038 p95=3365265

INFO: Inference timings in us: Init: 808125, First inference: 3312396, Warmup (avg): 3.33469e+06, Inference (avg): 3.34761e+06
INFO: Note: as the benchmark tool itself affects memory footprint, the following is only APPROXIMATE to the actual memory footprint of the model at runtime. Take the information at your discretion.
INFO: Memory footprint delta from the start of the tool (MB): init=669.156 overall=684.125
