INFO: STARTING!
INFO: Log parameter values verbosely: [0]
INFO: Min num runs: [50]
INFO: Min runs duration (seconds): [1]
INFO: Max runs duration (seconds): [10000]
INFO: Num threads: [2]
INFO: Min warmup runs: [5]
INFO: Graph: [/mnt/models/deeplabv3plus_mobilenet_w8a8_vela.tflite]
INFO: Signature to run: []
INFO: #threads used for CPU inference: [2]
INFO: #threads used for CPU inference: [2]
INFO: External delegate path: [/usr/lib/libethosu_delegate.so]
INFO: Loaded model /mnt/models/deeplabv3plus_mobilenet_w8a8_vela.tflite
INFO: Ethosu delegate: device_name set to /dev/ethosu0.
INFO: Ethosu delegate: cache_file_path set to .
INFO: Ethosu delegate: timeout set to 60000000000.
INFO: Ethosu delegate: enable_cycle_counter set to 0.
INFO: Ethosu delegate: enable_profiling set to 0.
INFO: Ethosu delegate: profiling_buffer_size set to 2048.
INFO: Ethosu delegate: pmu_event0 set to 0.
INFO: Ethosu delegate: pmu_event1 set to 0.
INFO: Ethosu delegate: pmu_event2 set to 0.
INFO: Ethosu delegate: pmu_event3 set to 0.
INFO: EXTERNAL delegate created.
INFO: EthosuDelegate: 5 nodes delegated out of 6 nodes with 1 partitions.
ERROR: Unsupported vela compiled model.

INFO: Explicitly applied EXTERNAL delegate, and the model graph will be partially executed by the delegate w/ 1 delegate kernels.
INFO: Created TensorFlow Lite XNNPACK delegate for CPU.
ERROR: Delegate kernel was not initialized
ERROR: Node number 6 (EthosuDelegate) failed to prepare.
ERROR: Failed to apply the default TensorFlow Lite delegate indexed at 0.
ERROR: Failed to allocate tensors!
ERROR: Benchmarking failed.
