INFO: STARTING!
INFO: Log parameter values verbosely: [0]
INFO: Min num runs: [50]
INFO: Min runs duration (seconds): [1]
INFO: Max runs duration (seconds): [10000]
INFO: Num threads: [2]
INFO: Min warmup runs: [5]
INFO: Graph: [/mnt/models/resnet50_w8a8_vela.tflite]
INFO: Signature to run: []
INFO: #threads used for CPU inference: [2]
INFO: #threads used for CPU inference: [2]
INFO: External delegate path: [/usr/lib/libethosu_delegate.so]
INFO: Loaded model /mnt/models/resnet50_w8a8_vela.tflite
INFO: Ethosu delegate: device_name set to /dev/ethosu0.
INFO: Ethosu delegate: cache_file_path set to .
INFO: Ethosu delegate: timeout set to 60000000000.
INFO: Ethosu delegate: enable_cycle_counter set to 0.
INFO: Ethosu delegate: enable_profiling set to 0.
INFO: Ethosu delegate: profiling_buffer_size set to 2048.
INFO: Ethosu delegate: pmu_event0 set to 0.
INFO: Ethosu delegate: pmu_event1 set to 0.
INFO: Ethosu delegate: pmu_event2 set to 0.
INFO: Ethosu delegate: pmu_event3 set to 0.
INFO: EXTERNAL delegate created.
INFO: EthosuDelegate: 1 nodes delegated out of 1 nodes with 1 partitions.
INFO: Explicitly applied EXTERNAL delegate, and the model graph will be completely executed by the delegate.
INFO: The input model file size (MB): 23.0054
INFO: Initialized session in 73.032ms.
INFO: Running benchmark for at least 5 iterations and at least 0.5 seconds but terminate if exceeding 10000 seconds.
INFO: count=18 first=28025 curr=27931 min=27911 max=28025 avg=27937.7 std=27 p5=27911 median=27931 p95=28025

INFO: Running benchmark for at least 50 iterations and at least 1 seconds but terminate if exceeding 10000 seconds.
INFO: count=50 first=27949 curr=27932 min=27887 max=27987 avg=27927.6 std=18 p5=27895 median=27925 p95=27957

INFO: Inference timings in us: Init: 73032, First inference: 28025, Warmup (avg): 27937.7, Inference (avg): 27927.6
INFO: Note: as the benchmark tool itself affects memory footprint, the following is only APPROXIMATE to the actual memory footprint of the model at runtime. Take the information at your discretion.
INFO: Memory footprint delta from the start of the tool (MB): init=25.9688 overall=26.0938
