INFO: STARTING!
INFO: Log parameter values verbosely: [0]
INFO: Min num runs: [50]
INFO: Min runs duration (seconds): [1]
INFO: Max runs duration (seconds): [10000]
INFO: Num threads: [2]
INFO: Min warmup runs: [5]
INFO: Graph: [/mnt/models/resnet101_w8a8_vela.tflite]
INFO: Signature to run: []
INFO: #threads used for CPU inference: [2]
INFO: #threads used for CPU inference: [2]
INFO: External delegate path: [/usr/lib/libethosu_delegate.so]
INFO: Loaded model /mnt/models/resnet101_w8a8_vela.tflite
INFO: Ethosu delegate: device_name set to /dev/ethosu0.
INFO: Ethosu delegate: cache_file_path set to .
INFO: Ethosu delegate: timeout set to 60000000000.
INFO: Ethosu delegate: enable_cycle_counter set to 0.
INFO: Ethosu delegate: enable_profiling set to 0.
INFO: Ethosu delegate: profiling_buffer_size set to 2048.
INFO: Ethosu delegate: pmu_event0 set to 0.
INFO: Ethosu delegate: pmu_event1 set to 0.
INFO: Ethosu delegate: pmu_event2 set to 0.
INFO: Ethosu delegate: pmu_event3 set to 0.
INFO: EXTERNAL delegate created.
INFO: EthosuDelegate: 1 nodes delegated out of 1 nodes with 1 partitions.
INFO: Explicitly applied EXTERNAL delegate, and the model graph will be completely executed by the delegate.
INFO: The input model file size (MB): 40.2588
INFO: Initialized session in 441.537ms.
INFO: Running benchmark for at least 5 iterations and at least 0.5 seconds but terminate if exceeding 10000 seconds.
INFO: count=11 first=47532 curr=47518 min=47455 max=47532 avg=47485.5 std=22 p5=47455 median=47485 p95=47532

INFO: Running benchmark for at least 50 iterations and at least 1 seconds but terminate if exceeding 10000 seconds.
INFO: count=50 first=47518 curr=47455 min=47427 max=47548 avg=47482.3 std=23 p5=47448 median=47481 p95=47526

INFO: Inference timings in us: Init: 441537, First inference: 47532, Warmup (avg): 47485.5, Inference (avg): 47482.3
INFO: Note: as the benchmark tool itself affects memory footprint, the following is only APPROXIMATE to the actual memory footprint of the model at runtime. Take the information at your discretion.
INFO: Memory footprint delta from the start of the tool (MB): init=42.375 overall=42.5
